// Jest Snapshot v1, https://goo.gl/fbAQLP

exports[`SimulatedLoadBar renders properly 1`] = `
<div
  className="loadbar-wrap"
  style={
    Object {
      "opacity": 0,
    }
  }
>
  <div
    className="loadbar-spinner"
    style={Object {}}
  />
  <div
    className="loadbar-progress"
    style={
      Object {
        "width": "1%",
      }
    }
  />
</div>
`;
